
> react-kavia@0.1.0 start
> cross-env EDIT_MODE=true webpack serve --config .ve/webpack.config.js --mode development

<i> [webpack-dev-server] Project is running at:
<i> [webpack-dev-server] Loopback: http://localhost:3000/, http://[::1]:3000/
<i> [webpack-dev-server] On Your Network (IPv4): http://172.17.0.2:3000/
<i> [webpack-dev-server] Content not from webpack is served from './public' directory
Injecting EditorRootWrapper import: ../.ve/EditorRootWrapper
asset bundle.js 1.49 MiB [emitted] (name: main)
asset index.html 1.92 KiB [emitted]
runtime modules 27.5 KiB 14 modules
cacheable modules 1.32 MiB
  modules by path ./node_modules/ 1.24 MiB 31 modules
  modules by path ./src/ 67.3 KiB 24 modules
  modules by path ./.ve/ 15.1 KiB
    modules by path ./.ve/*.js 10.6 KiB 2 modules
    modules by path ./.ve/*.css 2.93 KiB
      ./.ve/EditorOverlay.css 2.25 KiB [built] [code generated]
      ./node_modules/css-loader/dist/cjs.js!./.ve/EditorOverlay.css 697 bytes [built] [code generated]
    ./.ve/EditorOverlay.jsx 1.58 KiB [built] [code generated]
webpack 5.99.9 compiled successfully in 1692 ms
Injecting EditorRootWrapper import: ../.ve/EditorRootWrapper
assets by status 1.49 MiB [cached] 1 asset
asset index.html 1.92 KiB [emitted]
cached modules 1.26 MiB (javascript) 27.5 KiB (runtime) [cached] 53 modules
javascript modules 65.7 KiB
  modules by path ./src/ 53.5 KiB
    modules by path ./src/pages/ 38.6 KiB 9 modules
    modules by path ./src/*.js 4.84 KiB 3 modules
    modules by path ./src/components/*.js 6.33 KiB 3 modules
    modules by path ./src/context/*.js 1.76 KiB
      ./src/context/AuthContext.js 1010 bytes [built]
      ./src/context/QuizContext.js 786 bytes [built]
    ./src/utils/tmdbApi.js 1.96 KiB [built]
  modules by path ./.ve/ 12.2 KiB
    ./.ve/EditorRootWrapper.js 2.68 KiB [built]
    ./.ve/EditorOverlay.jsx 1.58 KiB [built]
    ./.ve/SidePanel.js 7.93 KiB [built]
webpack 5.99.9 compiled successfully in 453 ms
